[risuscito.it/index.html]
[backblue.gif]
[fade.gif]
[index.html]
[risuscito.it/favicon.svg]
[risuscito.it/img/icon.jpg]
[risuscito.it/sitemap-index.xml]
[risuscito.it/img/apple-icon-57x57.png]
[risuscito.it/img/apple-icon-60x60.png]
[risuscito.it/img/apple-icon-72x72.png]
[risuscito.it/img/apple-icon-76x76.png]
[risuscito.it/img/apple-icon-114x114.png]
[risuscito.it/img/apple-icon-120x120.png]
[risuscito.it/img/apple-icon-144x144.png]
[risuscito.it/img/apple-icon-152x152.png]
[risuscito.it/img/apple-icon-180x180.png]
[risuscito.it/img/android-icon-192x192.png]
[risuscito.it/img/favicon-32x32.png]
[risuscito.it/img/favicon-96x96.png]
[risuscito.it/img/favicon-16x16.png]
[risuscito.it/manifest.json]
[risuscito.it/img/ms-icon-144x144.png]
[risuscito.it/_astro/_slug_.BcXCXE4g.css]
[risuscito.it/_astro/_slug_.BsUzSc3X.css]
[risuscito.it/index.html]
[risuscito.it/favicon.svg]
[a.pavo.pw/js/script.js]
[risuscito.it/_astro/_slug_.BcXCXE4g.css]
[risuscito.it/_astro/_slug_.BsUzSc3X.css]
[risuscito.it/canti/index.html]
[risuscito.it/tappe/index.html]
[risuscito.it/canti/index.html]
[risuscito.it/tags/index.html]
[risuscito.it/tappe/index.html]
[risuscito.it/canti/zaccheo/index.html]
[risuscito.it/canti/risuscito/index.html]
[risuscito.it/tags/index.html]
[risuscito.it/canti/voi-siete-la-luce-del-mondo/index.html]
[risuscito.it/canti/voglio-andare-a-gerusalemme/index.html]
[risuscito.it/canti/voglio-cantare/index.html]
[risuscito.it/canti/vieni-figlio-delluomo/index.html]
[risuscito.it/canti/vieni-dal-libano/index.html]
[risuscito.it/canti/risuscito/t]
[risuscito.it/canti/risuscito/index.html]
[risuscito.it/canti/viene-il-signore-vestito-di-maesta/index.html]
[risuscito.it/canti/vi-prendero-dalle-genti/index.html]
[risuscito.it/canti/verso-te-o-citta-santa/index.html]
[risuscito.it/canti/zaccheo/t]
[risuscito.it/canti/zaccheo/index.html]
[risuscito.it/canti/vergine-della-meraviglia/index.html]
[risuscito.it/canti/venite-a-me-voi-tutti/index.html]
[risuscito.it/canti/voi-siete-la-luce-del-mondo/t]
[risuscito.it/canti/voi-siete-la-luce-del-mondo/index.html]
[risuscito.it/canti/vedo-i-cieli-aperti/index.html]
[risuscito.it/canti/uri-uri-uri/index.html]
[risuscito.it/canti/voglio-cantare/t]
[risuscito.it/canti/voglio-cantare/index.html]
[risuscito.it/canti/voglio-andare-a-gerusalemme/t]
[risuscito.it/canti/voglio-andare-a-gerusalemme/index.html]
[risuscito.it/canti/una-donna-vestita-di-sole/index.html]
[risuscito.it/canti/tu-sei-il-piu-bello/index.html]
[risuscito.it/canti/tu-hai-ricoperto-di-vergogna-la-morte/index.html]
[risuscito.it/canti/un-germoglio-spunta-dal-tronco-di-jesse/index.html]
[risuscito.it/canti/tu-che-sei-fedele/index.html]
[risuscito.it/canti/ti-sto-chiamando/index.html]
[risuscito.it/canti/ti-vedranno-i-re/index.html]
[risuscito.it/canti/vieni-figlio-delluomo/t]
[risuscito.it/canti/ti-ho-manifestato-il-mio-peccato/index.html]
[risuscito.it/canti/stabat-mater-dolorosa/index.html]
[risuscito.it/canti/sorga-dio/index.html]
[cdn.risuscito.it/risuscito-it/media/vieni-figlio-delluomo.jpg]
[risuscito.it/canti/vieni-figlio-delluomo/index.html]
[risuscito.it/canti/vieni-dal-libano/t]
[risuscito.it/canti/signore-non-punirmi-nel-tuo-sdegno/index.html]
[risuscito.it/canti/sola-a-solo/index.html]
[risuscito.it/canti/signore-aiutami-signore/index.html]
[cdn.risuscito.it/risuscito-it/media/vieni-dal-libano.jpg]
[risuscito.it/canti/vieni-dal-libano/index.html]
[risuscito.it/canti/shlom-lech-mariam/index.html]
[risuscito.it/canti/sequenza-di-pentecoste-vieni-spirito-santo/index.html]
[risuscito.it/canti/sequenza-corpus-domini/index.html]
[risuscito.it/canti/se-siete-risorti-con-cristo/index.html]
[risuscito.it/canti/viene-il-signore-vestito-di-maesta/t]
[risuscito.it/canti/se-oggi-ascoltate-la-sua-voce/index.html]
[risuscito.it/canti/se-nel-signore-mi-sono-rifugiato/index.html]
[risuscito.it/canti/se-il-signore-non-costruisce-la-casa/index.html]
[risuscito.it/canti/salve-regina-dei-cieli/index.html]
[risuscito.it/canti/sale-dio-tra-acclamazioni/index.html]
[risuscito.it/canti/rivestitevi-dellarmatura-di-dio/index.html]
[risuscito.it/canti/resurrexit/index.html]
[risuscito.it/canti/questo-e-il-mio-comandamento/index.html]
[cdn.risuscito.it/risuscito-it/media/viene-il-signore-vestito-di-maesta.jpg]
[risuscito.it/canti/viene-il-signore-vestito-di-maesta/index.html]
[risuscito.it/canti/vi-prendero-dalle-genti/t]
[risuscito.it/canti/quanto-sono-amabili-le-tue-dimore/index.html]
[risuscito.it/canti/quando-israele-usci-dallegitto/index.html]
[risuscito.it/canti/quando-il-signore/index.html]
[risuscito.it/canti/prendero-innalzero-la-coppa-di-salvezza/index.html]
[cdn.risuscito.it/risuscito-it/media/vi-prendero-dalle-genti.jpg]
[risuscito.it/canti/vi-prendero-dalle-genti/index.html]
[risuscito.it/canti/verso-te-o-citta-santa/t]
[risuscito.it/canti/portami-in-cielo/index.html]
[risuscito.it/canti/pieta-di-me-o-dio/index.html]
[risuscito.it/canti/perche-le-genti-congiurano/index.html]
[risuscito.it/canti/per-amore-dei-miei-fratelli/index.html]
[cdn.risuscito.it/risuscito-it/media/verso-te-o-citta-santa.jpg]
[risuscito.it/canti/verso-te-o-citta-santa/index.html]
[risuscito.it/canti/vergine-della-meraviglia/t]
[risuscito.it/canti/pentecoste/index.html]
[risuscito.it/canti/o-signore-nostro-dio/index.html]
[risuscito.it/canti/o-morte-dove-la-tua-vittoria/index.html]
[risuscito.it/canti/o-gesu-amore-mio/index.html]
[cdn.risuscito.it/risuscito-it/media/vergine-della-meraviglia.jpg]
[risuscito.it/canti/vergine-della-meraviglia/index.html]
[risuscito.it/canti/o-dio-tu-sei-il-mio-dio/index.html]
[risuscito.it/canti/venite-a-me-voi-tutti/t]
[risuscito.it/canti/o-dio-per-il-tuo-nome-salvami/index.html]
[risuscito.it/canti/o-cieli-piovete-dallalto/index.html]
[risuscito.it/canti/non-moriro/index.html]
[cdn.risuscito.it/risuscito-it/media/venite-a-me-voi-tutti.jpg]
[risuscito.it/canti/venite-a-me-voi-tutti/index.html]
[risuscito.it/canti/vedo-i-cieli-aperti/t]
[risuscito.it/canti/non-e-qui-e-risorto/index.html]
[risuscito.it/canti/non-ce-in-lui-bellezza/index.html]
[risuscito.it/canti/noli-me-tangere/index.html]
[risuscito.it/canti/molto-mi-hanno-perseguitato/index.html]
[risuscito.it/canti/misericordia-dio-misericordia/index.html]
[cdn.risuscito.it/risuscito-it/media/vedo-i-cieli-aperti.jpg]
[risuscito.it/canti/vedo-i-cieli-aperti/index.html]
[risuscito.it/canti/mi-indicherai-il-sentiero-della-vita/index.html]
[risuscito.it/canti/mi-hai-sedotto-signore/index.html]
[risuscito.it/canti/maria-piccola-maria/index.html]
[risuscito.it/canti/maria-madre-della-chiesa/index.html]
[risuscito.it/canti/uri-uri-uri/t]
[risuscito.it/canti/uri-uri-uri/index.html]
[risuscito.it/canti/una-donna-vestita-di-sole/t.2b.delayed]
[risuscito.it/canti/una-donna-vestita-di-sole/index.html]
[risuscito.it/canti/maria-madre-del-cammino-ardente/index.html]
[risuscito.it/canti/maria-di-jasna-gora/index.html]
[risuscito.it/canti/maria-casa-di-benedizione/index.html]
[risuscito.it/canti/magnificat/index.html]
[risuscito.it/canti/lodate-il-signore-tutti-i-popoli-della-terra/index.html]
[risuscito.it/canti/lodate-il-signore-dai-cieli/index.html]
[risuscito.it/canti/lodate-iddio/index.html]
[risuscito.it/canti/un-germoglio-spunta-dal-tronco-di-jesse/t]
[risuscito.it/canti/un-germoglio-spunta-dal-tronco-di-jesse/index.html]
[risuscito.it/canti/lo-stolto-pensa-che-non-ce-dio/index.html]
[risuscito.it/canti/lo-spirito-del-signore-e-sopra-di-me/index.html]
[risuscito.it/canti/tu-sei-il-piu-bello/t]
[risuscito.it/canti/tu-sei-il-piu-bello/index.html]
[risuscito.it/canti/le-sue-fondamenta/index.html]
[risuscito.it/canti/le-onde-della-morte-mi-avvolgevano/index.html]
[risuscito.it/canti/tu-hai-ricoperto-di-vergogna-la-morte/t]
[risuscito.it/canti/tu-hai-ricoperto-di-vergogna-la-morte/index.html]
[risuscito.it/canti/la-voce-del-mio-amato/index.html]
[risuscito.it/canti/la-mietitura-delle-nazioni/index.html]
[risuscito.it/canti/tu-che-sei-fedele/t]
[risuscito.it/canti/tu-che-sei-fedele/index.html]
[risuscito.it/canti/la-marcia-e-dura/index.html]
[risuscito.it/canti/ti-vedranno-i-re/t]
[risuscito.it/canti/ti-vedranno-i-re/index.html]
[risuscito.it/canti/jahve-tu-sei-il-mio-dio/index.html]
[risuscito.it/canti/inno-di-pasqua/index.html]
[risuscito.it/canti/la-espada/index.html]
[risuscito.it/canti/io-vengo-a-riunir/index.html]
[risuscito.it/canti/inno-di-avvento/index.html]
[risuscito.it/canti/ti-sto-chiamando/t]
[risuscito.it/canti/ti-sto-chiamando/index.html]
[risuscito.it/canti/inno-alla-carita/index.html]
[risuscito.it/canti/ti-ho-manifestato-il-mio-peccato/t]
[risuscito.it/canti/ti-ho-manifestato-il-mio-peccato/index.html]
[risuscito.it/canti/inno-alla-kenosis-cristo-gesu-e-il-signore/index.html]
[risuscito.it/canti/stabat-mater-dolorosa/t]
[risuscito.it/canti/stabat-mater-dolorosa/index.html]
[risuscito.it/canti/inno-a-cristo-luce/index.html]
[risuscito.it/canti/in-una-notte-oscura/index.html]
[risuscito.it/canti/il-signore-mi-ha-dato/index.html]
[risuscito.it/canti/in-mezzo-a-una-grande-folla/index.html]
[risuscito.it/canti/il-signore-e-mia-luce-e-mia-salvezza/index.html]
[risuscito.it/canti/sorga-dio/t]
[risuscito.it/canti/sorga-dio/index.html]
[risuscito.it/canti/sola-a-solo/t]
[risuscito.it/canti/sola-a-solo/index.html]
[risuscito.it/canti/il-signore-annuncia-una-notizia/index.html]
[risuscito.it/canti/il-signore-e-il-mio-pastore/index.html]
[risuscito.it/canti/il-popolo-che-camminava-nelle-tenebre/index.html]
[risuscito.it/canti/il-pigiatore/index.html]
[risuscito.it/canti/il-messia-leone-per-vincere/index.html]
[risuscito.it/canti/signore-non-punirmi-nel-tuo-sdegno/t]
[risuscito.it/canti/signore-non-punirmi-nel-tuo-sdegno/index.html]
[risuscito.it/canti/signore-aiutami-signore/t]
[risuscito.it/canti/signore-aiutami-signore/index.html]
[risuscito.it/canti/ho-steso-le-mie-mani/index.html]
[risuscito.it/canti/ho-sperato-ho-sperato-nel-signore/index.html]
[risuscito.it/canti/gustate-e-vedete/index.html]
[risuscito.it/canti/guardate-come-e-bello-gustate-quanto-e-soave/index.html]
[risuscito.it/canti/gridate-con-gioia/index.html]
[risuscito.it/canti/guardate-come-e-bello/index.html]
[risuscito.it/canti/shlom-lech-mariam/t]
[risuscito.it/canti/shlom-lech-mariam/index.html]
[risuscito.it/canti/sequenza-di-pentecoste-vieni-spirito-santo/t]
[risuscito.it/canti/sequenza-di-pentecoste-vieni-spirito-santo/index.html]
[risuscito.it/canti/grazie-a-jahve/index.html]
[risuscito.it/canti/giunti-sui-fiumi-di-babilonia/index.html]
[risuscito.it/canti/giorno-di-riposo/index.html]
[risuscito.it/canti/giunga-la-mia-preghiera-fino-a-te/index.html]
[risuscito.it/canti/gia-viene-il-mio-dio/index.html]
[risuscito.it/canti/gia-viene-il-regno/index.html]
[risuscito.it/canti/sequenza-corpus-domini/t]
[risuscito.it/canti/sequenza-corpus-domini/index.html]
[risuscito.it/canti/se-siete-risorti-con-cristo/t]
[risuscito.it/canti/se-siete-risorti-con-cristo/index.html]
[risuscito.it/canti/gesu-percorreva-tutte-le-citta/index.html]
[risuscito.it/canti/gerusalemme-ricostruita/index.html]
[risuscito.it/canti/fratelli-non-diamo-a-nessuno-motivo-dinciampo/index.html]
[risuscito.it/canti/fuggi-mio-diletto/index.html]
[risuscito.it/canti/figlie-di-gerusalemme/index.html]
[risuscito.it/canti/fino-a-quando/index.html]
[risuscito.it/canti/se-oggi-ascoltate-la-sua-voce/t]
[risuscito.it/canti/se-oggi-ascoltate-la-sua-voce/index.html]
[risuscito.it/canti/se-nel-signore-mi-sono-rifugiato/t]
[risuscito.it/canti/se-nel-signore-mi-sono-rifugiato/index.html]
[risuscito.it/canti/felicita-per-luomo/index.html]
[risuscito.it/canti/evenu-shalom-alejem/index.html]
[risuscito.it/canti/felice-luomo/index.html]
[risuscito.it/canti/esultate-giusti-nel-signore/index.html]
[risuscito.it/canti/ecco-qui-io-vengo-presto/index.html]
[risuscito.it/canti/eli-eli-lama-sabactani/index.html]
[risuscito.it/canti/ecco-qui-il-mio-servo/index.html]
[risuscito.it/canti/se-il-signore-non-costruisce-la-casa/t]
[risuscito.it/canti/se-il-signore-non-costruisce-la-casa/index.html]
[risuscito.it/canti/salve-regina-dei-cieli/t]
[risuscito.it/canti/salve-regina-dei-cieli/index.html]
[risuscito.it/canti/dite-agli-smarriti-di-cuore/index.html]
[risuscito.it/canti/e-paziente/index.html]
[risuscito.it/canti/dice-il-signore-al-mio-signore/index.html]
[risuscito.it/canti/degno-sei/index.html]
[risuscito.it/canti/davanti-agli-angeli/index.html]
[risuscito.it/canti/dal-profondo-a-te-grido/index.html]
[risuscito.it/canti/sale-dio-tra-acclamazioni/t]
[risuscito.it/canti/sale-dio-tra-acclamazioni/index.html]
[risuscito.it/canti/rivestitevi-dellarmatura-di-dio/t]
[risuscito.it/canti/rivestitevi-dellarmatura-di-dio/index.html]
[risuscito.it/canti/dajenu/index.html]
[risuscito.it/canti/cosi-parla-lamen/index.html]
[risuscito.it/canti/come-pecora-che-vede/index.html]
[risuscito.it/canti/consolate-il-mio-popolo/index.html]
[risuscito.it/canti/come-la-cerva-anela/index.html]
[risuscito.it/canti/come-e-bello-come-da-gioia/index.html]
[risuscito.it/canti/resurrexit/t]
[risuscito.it/canti/resurrexit/index.html]
[risuscito.it/canti/come-condannati-a-morte/index.html]
[risuscito.it/canti/chi-e-colei/index.html]
[risuscito.it/canti/chi-ci-separera/index.html]
[risuscito.it/canti/questo-e-il-mio-comandamento/t]
[risuscito.it/canti/questo-e-il-mio-comandamento/index.html]
[risuscito.it/canti/quanto-sono-amabili-le-tue-dimore/t]
[risuscito.it/canti/quanto-sono-amabili-le-tue-dimore/index.html]
[risuscito.it/canti/che-mi-baci/index.html]
[risuscito.it/canti/che-belle-sono-le-tue-tende/index.html]
[risuscito.it/canti/caritas-christi/index.html]
[risuscito.it/canti/carmen-63/index.html]
[risuscito.it/canti/canto-di-giosue/index.html]
[risuscito.it/canti/canto-dei-liberati/index.html]
[risuscito.it/canti/quando-israele-usci-dallegitto/t]
[risuscito.it/canti/quando-israele-usci-dallegitto/index.html]
[risuscito.it/canti/canto-dei-bambini-nella-veglia-di-pasqua/index.html]
[risuscito.it/canti/quando-il-signore/t]
[risuscito.it/canti/cantico-di-mose-precipito-nel-mare/index.html]
[risuscito.it/canti/quando-il-signore/index.html]
[risuscito.it/canti/cantico-dei-tre-giovani-nella-fornace-ii-parte/index.html]
[risuscito.it/canti/cerano-due-angeli/index.html]
[risuscito.it/canti/cantico-dei-tre-giovani-nella-fornace-i-parte/index.html]
[risuscito.it/canti/ce-un-tempo-per-ogni-cosa/index.html]
[risuscito.it/canti/benedite-il-signore/index.html]
[risuscito.it/canti/prendero-innalzero-la-coppa-di-salvezza/t]
[risuscito.it/canti/prendero-innalzero-la-coppa-di-salvezza/index.html]
[risuscito.it/canti/portami-in-cielo/t]
[risuscito.it/canti/portami-in-cielo/index.html]
[risuscito.it/canti/benedictus/index.html]
[risuscito.it/canti/benediro-il-signore-in-ogni-tempo/index.html]
[risuscito.it/canti/benedici-anima-mia-jahve/index.html]
[risuscito.it/canti/benedetto-sia-iddio/index.html]
[risuscito.it/canti/benedetta-sei-tu-maria/index.html]
[risuscito.it/canti/ave-maria-ii/index.html]
[risuscito.it/canti/pieta-di-me-o-dio/t]
[risuscito.it/canti/pieta-di-me-o-dio/index.html]
[risuscito.it/canti/ave-maria-i/index.html]
[risuscito.it/canti/andiamo-gia-pastori/index.html]
[risuscito.it/canti/perche-le-genti-congiurano/t]
[risuscito.it/canti/perche-le-genti-congiurano/index.html]
[risuscito.it/canti/per-amore-dei-miei-fratelli/t]
[risuscito.it/canti/per-amore-dei-miei-fratelli/index.html]
[risuscito.it/canti/andate-ed-annunziate-ai-miei-fratelli/index.html]
[risuscito.it/canti/amo-il-signore/index.html]
[risuscito.it/canti/amen-amen-amen/index.html]
[risuscito.it/canti/alzo-gli-occhi-verso-i-monti/index.html]
[risuscito.it/canti/alzate-o-porte/index.html]
[risuscito.it/canti/allegria-allegria-oggi-e-nato-il-salvatore/index.html]
[risuscito.it/canti/alla-vittima-pasquale/index.html]
[risuscito.it/canti/tu-sei-la-mia-speranza-signore/index.html]
[risuscito.it/canti/pentecoste/t]
[risuscito.it/canti/pentecoste/index.html]
[risuscito.it/canti/o-signore-nostro-dio/t]
[risuscito.it/canti/o-signore-nostro-dio/index.html]
[risuscito.it/canti/signore-tu-mi-scruti-e-mi-conosci/index.html]
[risuscito.it/canti/signore-il-mio-cuore-non-ha-piu-pretese/index.html]
[risuscito.it/canti/shema-israel/index.html]
[risuscito.it/canti/siedi-solitario-e-silenzioso/index.html]
[risuscito.it/canti/la-mia-diletta-e-per-me/index.html]
[risuscito.it/canti/quando-dormivo/index.html]
[risuscito.it/canti/o-morte-dove-la-tua-vittoria/t]
[risuscito.it/canti/o-morte-dove-la-tua-vittoria/index.html]
[risuscito.it/canti/te-deum/index.html]
[risuscito.it/canti/santo-santo-santo/index.html]
[risuscito.it/canti/o-gesu-amore-mio/t]
[risuscito.it/canti/o-gesu-amore-mio/index.html]
[risuscito.it/canti/santo-roma-1977/index.html]
[risuscito.it/canti/santo-e-santo/index.html]
[risuscito.it/canti/o-dio-tu-sei-il-mio-dio/t]
[risuscito.it/canti/o-dio-tu-sei-il-mio-dio/index.html]
[risuscito.it/canti/o-dio-per-il-tuo-nome-salvami/t]
[risuscito.it/canti/o-dio-per-il-tuo-nome-salvami/index.html]
[risuscito.it/canti/santo-delle-baracche/index.html]
[risuscito.it/canti/santo/index.html]
[risuscito.it/canti/santo-delle-palme/index.html]
[risuscito.it/canti/salmodia-per-il-salmo-responsoriale/index.html]
[risuscito.it/canti/preghiera-eucaristica-iv/index.html]
[risuscito.it/canti/preghiera-eucaristica-ii-2/index.html]
[risuscito.it/canti/o-cieli-piovete-dallalto/t]
[risuscito.it/canti/preghiera-eucaristica-ii/index.html]
[risuscito.it/canti/o-cieli-piovete-dallalto/index.html]
[risuscito.it/canti/padre-nostro/index.html]
[risuscito.it/canti/melodia-per-la-preghiera-universale/index.html]
[risuscito.it/canti/preconio-pasquale/index.html]
[risuscito.it/canti/non-moriro/t]
[risuscito.it/canti/non-moriro/index.html]
[risuscito.it/canti/benedizione-per-la-celebrazione-penitenziale/index.html]
[risuscito.it/canti/non-e-qui-e-risorto/t]
[risuscito.it/canti/non-e-qui-e-risorto/index.html]
[risuscito.it/canti/tu-sei-bella-amica-mia/index.html]
[risuscito.it/canti/non-ce-in-lui-bellezza/t]
[risuscito.it/canti/non-ce-in-lui-bellezza/index.html]
[risuscito.it/canti/mi-rubasti-il-cuore/index.html]
[risuscito.it/canti/salga-lo-sposo-sul-legno-del-suo-talamo/index.html]
[risuscito.it/canti/come-stilla-il-miele/index.html]
[risuscito.it/canti/la-colomba-volo/index.html]
[risuscito.it/canti/non-ti-adirare/index.html]
[risuscito.it/canti/non-resistete-al-male/index.html]
[risuscito.it/canti/noli-me-tangere/t]
[risuscito.it/canti/noli-me-tangere/index.html]
[risuscito.it/canti/nessuno-puo-servire-due-padroni/index.html]
[risuscito.it/canti/lo-stesso-iddio/index.html]
[risuscito.it/canti/molto-mi-hanno-perseguitato/t]
[risuscito.it/canti/molto-mi-hanno-perseguitato/index.html]
[risuscito.it/canti/misericordia-dio-misericordia/t]
[risuscito.it/canti/misericordia-dio-misericordia/index.html]
[risuscito.it/canti/inno-alla-croce-gloriosa/index.html]
[risuscito.it/canti/il-seminatore/index.html]
[risuscito.it/canti/giacobbe/index.html]
[risuscito.it/canti/ecco-lo-specchio-nostro/index.html]
[risuscito.it/canti/debora/index.html]
[risuscito.it/canti/come-lo-slancio-dellira/index.html]
[risuscito.it/canti/al-risveglio-mi-saziero-del-tuo-volto-signor/index.html]
[risuscito.it/canti/akeda/index.html]
[risuscito.it/canti/mi-indicherai-il-sentiero-della-vita/t]
[risuscito.it/canti/mi-indicherai-il-sentiero-della-vita/index.html]
[risuscito.it/canti/mi-hai-sedotto-signore/t]
[risuscito.it/canti/mi-hai-sedotto-signore/index.html]
[risuscito.it/canti/acclamate-al-signore/index.html]
[risuscito.it/canti/agnella-di-dio/index.html]
[risuscito.it/canti/abba-padre/index.html]
[risuscito.it/canti/abramo/index.html]
[risuscito.it/canti/a-te-signore-si-deve-lode-in-sion/index.html]
[risuscito.it/canti/a-te-signore-con-la-mia-voce-grido-aiuto/index.html]
[risuscito.it/canti/maria-piccola-maria/t]
[risuscito.it/canti/maria-piccola-maria/index.html]
[risuscito.it/canti/a-te-signor-innalzo-la-mia-anima/index.html]
[risuscito.it/canti/a-te-levo-i-miei-occhi/index.html]
[risuscito.it/canti/maria-madre-della-chiesa/t]
[risuscito.it/canti/maria-madre-della-chiesa/index.html]
[risuscito.it/canti/maria-madre-del-cammino-ardente/t]
[risuscito.it/canti/maria-madre-del-cammino-ardente/index.html]
[risuscito.it/canti/benedizione-dell-acqua-del-fonte-battesimale/index.html]
[risuscito.it/canti/alleluia-pasquale/index.html]
[risuscito.it/canti/credo-apostolico/index.html]
[risuscito.it/canti/gloria-a-dio-nellalto-dei-cieli/index.html]
[risuscito.it/canti/litanie-penitenziali-i/index.html]
[risuscito.it/canti/agnello-di-dio/index.html]
[risuscito.it/canti/litanie-penitenziali-ii-preghiera-litanica-penitenziale/index.html]
[risuscito.it/canti/acclamazione-al-vangelo/index.html]
[risuscito.it/canti/maria-di-jasna-gora/t]
[risuscito.it/canti/maria-di-jasna-gora/index.html]
[risuscito.it/tappe/canti-liturgici/index.html]
[risuscito.it/tappe/catecumenato/index.html]
[risuscito.it/canti/maria-casa-di-benedizione/t]
[risuscito.it/canti/maria-casa-di-benedizione/index.html]
[risuscito.it/canti/magnificat/t]
[risuscito.it/canti/magnificat/index.html]
[risuscito.it/tappe/elezione/index.html]
[risuscito.it/tags/avvento-natale/index.html]
[risuscito.it/tappe/precatecumenato/index.html]
[risuscito.it/tags/bambini/index.html]
[risuscito.it/tags/calice/index.html]
[risuscito.it/tags/finale/index.html]
[risuscito.it/tags/ingresso/index.html]
[risuscito.it/canti/lodate-il-signore-tutti-i-popoli-della-terra/t]
[risuscito.it/canti/lodate-il-signore-tutti-i-popoli-della-terra/index.html]
[risuscito.it/tags/pace/index.html]
[risuscito.it/tags/pane/index.html]
[risuscito.it/canti/lodate-il-signore-dai-cieli/t]
[risuscito.it/canti/lodate-il-signore-dai-cieli/index.html]
[risuscito.it/canti/lodate-iddio/t]
[risuscito.it/canti/lodate-iddio/index.html]
[risuscito.it/tags/pasqua-pentecoste/index.html]
[risuscito.it/tags/quaresima/index.html]
[risuscito.it/canti/lo-stolto-pensa-che-non-ce-dio/t]
[risuscito.it/tags/vergine-maria/index.html]
[risuscito.it/canti/lo-stolto-pensa-che-non-ce-dio/index.html]
[risuscito.it/canti/lo-spirito-del-signore-e-sopra-di-me/t]
[risuscito.it/canti/lo-spirito-del-signore-e-sopra-di-me/index.html]
[risuscito.it/canti/le-sue-fondamenta/t]
[risuscito.it/canti/le-sue-fondamenta/index.html]
[risuscito.it/canti/le-onde-della-morte-mi-avvolgevano/t]
[risuscito.it/canti/le-onde-della-morte-mi-avvolgevano/index.html]
[risuscito.it/canti/la-voce-del-mio-amato/t]
[risuscito.it/canti/la-voce-del-mio-amato/index.html]
[risuscito.it/canti/la-mietitura-delle-nazioni/t]
[risuscito.it/canti/la-mietitura-delle-nazioni/index.html]
[risuscito.it/canti/la-marcia-e-dura/t]
[risuscito.it/canti/la-marcia-e-dura/index.html]
[risuscito.it/canti/la-espada/t]
[risuscito.it/canti/la-espada/index.html]
[risuscito.it/canti/jahve-tu-sei-il-mio-dio/t]
[risuscito.it/canti/jahve-tu-sei-il-mio-dio/index.html]
[risuscito.it/canti/io-vengo-a-riunir/t]
[risuscito.it/canti/io-vengo-a-riunir/index.html]
[risuscito.it/canti/inno-di-pasqua/t]
[risuscito.it/canti/inno-di-pasqua/index.html]
[risuscito.it/canti/inno-di-avvento/t]
[risuscito.it/canti/inno-di-avvento/index.html]
[risuscito.it/canti/inno-alla-kenosis-cristo-gesu-e-il-signore/t]
[risuscito.it/canti/inno-alla-kenosis-cristo-gesu-e-il-signore/index.html]
[risuscito.it/canti/inno-alla-carita/t]
[risuscito.it/canti/inno-alla-carita/index.html]
[risuscito.it/canti/inno-a-cristo-luce/t]
[risuscito.it/canti/inno-a-cristo-luce/index.html]
[risuscito.it/canti/in-una-notte-oscura/t]
[risuscito.it/canti/in-una-notte-oscura/index.html]
[risuscito.it/canti/in-mezzo-a-una-grande-folla/t]
[risuscito.it/canti/in-mezzo-a-una-grande-folla/index.html]
[risuscito.it/canti/il-signore-mi-ha-dato/t]
[risuscito.it/canti/il-signore-mi-ha-dato/index.html]
[risuscito.it/canti/il-signore-e-mia-luce-e-mia-salvezza/t]
[risuscito.it/canti/il-signore-e-mia-luce-e-mia-salvezza/index.html]
[risuscito.it/canti/il-signore-e-il-mio-pastore/t]
[risuscito.it/canti/il-signore-e-il-mio-pastore/index.html]
[risuscito.it/canti/il-signore-annuncia-una-notizia/t]
[risuscito.it/canti/il-signore-annuncia-una-notizia/index.html]
[risuscito.it/canti/il-popolo-che-camminava-nelle-tenebre/t]
[risuscito.it/canti/il-popolo-che-camminava-nelle-tenebre/index.html]
[risuscito.it/canti/il-pigiatore/t]
[risuscito.it/canti/il-pigiatore/index.html]
[risuscito.it/canti/il-messia-leone-per-vincere/t]
[risuscito.it/canti/il-messia-leone-per-vincere/index.html]
[risuscito.it/canti/ho-steso-le-mie-mani/t]
[risuscito.it/canti/ho-steso-le-mie-mani/index.html]
[risuscito.it/canti/ho-sperato-ho-sperato-nel-signore/t]
[risuscito.it/canti/ho-sperato-ho-sperato-nel-signore/index.html]
[risuscito.it/canti/gustate-e-vedete/t]
[risuscito.it/canti/gustate-e-vedete/index.html]
[risuscito.it/canti/guardate-come-e-bello-gustate-quanto-e-soave/t]
[risuscito.it/canti/guardate-come-e-bello-gustate-quanto-e-soave/index.html]
[risuscito.it/canti/guardate-come-e-bello/t]
[risuscito.it/canti/guardate-come-e-bello/index.html]
[risuscito.it/canti/gridate-con-gioia/t]
[risuscito.it/canti/gridate-con-gioia/index.html]
[risuscito.it/canti/grazie-a-jahve/t]
[risuscito.it/canti/grazie-a-jahve/index.html]
[risuscito.it/canti/giunti-sui-fiumi-di-babilonia/t]
[risuscito.it/canti/giunti-sui-fiumi-di-babilonia/index.html]
[risuscito.it/canti/giunga-la-mia-preghiera-fino-a-te/t]
[risuscito.it/canti/giunga-la-mia-preghiera-fino-a-te/index.html]
[risuscito.it/canti/giorno-di-riposo/t]
[risuscito.it/canti/giorno-di-riposo/index.html]
[risuscito.it/canti/gia-viene-il-regno/t]
[risuscito.it/canti/gia-viene-il-regno/index.html]
[risuscito.it/canti/gia-viene-il-mio-dio/t]
[risuscito.it/canti/gia-viene-il-mio-dio/index.html]
[risuscito.it/canti/gesu-percorreva-tutte-le-citta/t]
[risuscito.it/canti/gesu-percorreva-tutte-le-citta/index.html]
[risuscito.it/canti/gerusalemme-ricostruita/t]
[risuscito.it/canti/gerusalemme-ricostruita/index.html]
[risuscito.it/canti/fuggi-mio-diletto/t]
[risuscito.it/canti/fuggi-mio-diletto/index.html]
[risuscito.it/canti/fratelli-non-diamo-a-nessuno-motivo-dinciampo/t]
[risuscito.it/canti/fratelli-non-diamo-a-nessuno-motivo-dinciampo/index.html]
[risuscito.it/canti/fino-a-quando/t]
[risuscito.it/canti/fino-a-quando/index.html]
[risuscito.it/canti/figlie-di-gerusalemme/t]
[risuscito.it/canti/figlie-di-gerusalemme/index.html]
[risuscito.it/canti/felicita-per-luomo/t]
[risuscito.it/canti/felicita-per-luomo/index.html]
[risuscito.it/canti/felice-luomo/t]
[risuscito.it/canti/felice-luomo/index.html]
[risuscito.it/canti/evenu-shalom-alejem/t]
[risuscito.it/canti/evenu-shalom-alejem/index.html]
[risuscito.it/canti/esultate-giusti-nel-signore/t]
[risuscito.it/canti/esultate-giusti-nel-signore/index.html]
[risuscito.it/canti/eli-eli-lama-sabactani/t]
[risuscito.it/canti/eli-eli-lama-sabactani/index.html]
[risuscito.it/canti/ecco-qui-io-vengo-presto/t]
[risuscito.it/canti/ecco-qui-io-vengo-presto/index.html]
[risuscito.it/canti/ecco-qui-il-mio-servo/t]
[risuscito.it/canti/ecco-qui-il-mio-servo/index.html]
[risuscito.it/canti/e-paziente/t]
[risuscito.it/canti/e-paziente/index.html]
[risuscito.it/canti/dite-agli-smarriti-di-cuore/t]
[risuscito.it/canti/dite-agli-smarriti-di-cuore/index.html]
[risuscito.it/canti/dice-il-signore-al-mio-signore/t]
[risuscito.it/canti/dice-il-signore-al-mio-signore/index.html]
[risuscito.it/canti/degno-sei/t]
[risuscito.it/canti/degno-sei/index.html]
[risuscito.it/canti/davanti-agli-angeli/t]
[risuscito.it/canti/davanti-agli-angeli/index.html]
[risuscito.it/canti/dal-profondo-a-te-grido/t]
[risuscito.it/canti/dal-profondo-a-te-grido/index.html]
[risuscito.it/canti/dajenu/t]
[risuscito.it/canti/dajenu/index.html]
[risuscito.it/canti/cosi-parla-lamen/t]
[risuscito.it/canti/cosi-parla-lamen/index.html]
[risuscito.it/canti/consolate-il-mio-popolo/t]
[risuscito.it/canti/consolate-il-mio-popolo/index.html]
[risuscito.it/canti/come-pecora-che-vede/t]
[risuscito.it/canti/come-pecora-che-vede/index.html]
[risuscito.it/canti/come-la-cerva-anela/t]
[risuscito.it/canti/come-la-cerva-anela/index.html]
[risuscito.it/canti/come-e-bello-come-da-gioia/t]
[risuscito.it/canti/come-e-bello-come-da-gioia/index.html]
[risuscito.it/canti/come-condannati-a-morte/t]
[risuscito.it/canti/come-condannati-a-morte/index.html]
[risuscito.it/canti/chi-e-colei/t]
[risuscito.it/canti/chi-e-colei/index.html]
[risuscito.it/canti/chi-ci-separera/t]
[risuscito.it/canti/chi-ci-separera/index.html]
[risuscito.it/canti/che-mi-baci/t]
[risuscito.it/canti/che-mi-baci/index.html]
[risuscito.it/canti/che-belle-sono-le-tue-tende/t]
[risuscito.it/canti/che-belle-sono-le-tue-tende/index.html]
[risuscito.it/canti/carmen-63/t]
[risuscito.it/canti/carmen-63/index.html]
[risuscito.it/canti/caritas-christi/t]
[risuscito.it/canti/caritas-christi/index.html]
[risuscito.it/canti/canto-di-giosue/t]
[risuscito.it/canti/canto-di-giosue/index.html]
[risuscito.it/canti/canto-dei-liberati/t]
[risuscito.it/canti/canto-dei-liberati/index.html]
[risuscito.it/canti/canto-dei-bambini-nella-veglia-di-pasqua/t]
[risuscito.it/canti/canto-dei-bambini-nella-veglia-di-pasqua/index.html]
[risuscito.it/canti/cantico-di-mose-precipito-nel-mare/t]
[risuscito.it/canti/cantico-di-mose-precipito-nel-mare/index.html]
[risuscito.it/canti/cantico-dei-tre-giovani-nella-fornace-ii-parte/t]
[risuscito.it/canti/cantico-dei-tre-giovani-nella-fornace-ii-parte/index.html]
[risuscito.it/canti/cantico-dei-tre-giovani-nella-fornace-i-parte/t]
[risuscito.it/canti/cantico-dei-tre-giovani-nella-fornace-i-parte/index.html]
[risuscito.it/canti/cerano-due-angeli/t]
[risuscito.it/canti/cerano-due-angeli/index.html]
[risuscito.it/canti/ce-un-tempo-per-ogni-cosa/t]
[risuscito.it/canti/ce-un-tempo-per-ogni-cosa/index.html]
[risuscito.it/canti/benedite-il-signore/t]
[risuscito.it/canti/benedite-il-signore/index.html]
[risuscito.it/canti/benediro-il-signore-in-ogni-tempo/t]
[risuscito.it/canti/benediro-il-signore-in-ogni-tempo/index.html]
[risuscito.it/canti/benedictus/t]
[risuscito.it/canti/benedictus/index.html]
[risuscito.it/canti/benedici-anima-mia-jahve/t]
[risuscito.it/canti/benedici-anima-mia-jahve/index.html]
[risuscito.it/canti/benedetto-sia-iddio/t]
[risuscito.it/canti/benedetto-sia-iddio/index.html]
[risuscito.it/canti/benedetta-sei-tu-maria/t]
[risuscito.it/canti/benedetta-sei-tu-maria/index.html]
[risuscito.it/canti/ave-maria-ii/t]
[risuscito.it/canti/ave-maria-ii/index.html]
[risuscito.it/canti/ave-maria-i/t]
[risuscito.it/canti/ave-maria-i/index.html]
[risuscito.it/canti/andiamo-gia-pastori/t]
[risuscito.it/canti/andiamo-gia-pastori/index.html]
[risuscito.it/canti/andate-ed-annunziate-ai-miei-fratelli/t]
[risuscito.it/canti/andate-ed-annunziate-ai-miei-fratelli/index.html]
[risuscito.it/canti/amo-il-signore/t]
[risuscito.it/canti/amo-il-signore/index.html]
[risuscito.it/canti/amen-amen-amen/t]
[risuscito.it/canti/amen-amen-amen/index.html]
[risuscito.it/canti/alzo-gli-occhi-verso-i-monti/t]
[risuscito.it/canti/alzo-gli-occhi-verso-i-monti/index.html]
[risuscito.it/canti/alzate-o-porte/t]
[risuscito.it/canti/alzate-o-porte/index.html]
[risuscito.it/canti/allegria-allegria-oggi-e-nato-il-salvatore/t]
[risuscito.it/canti/allegria-allegria-oggi-e-nato-il-salvatore/index.html]
[risuscito.it/canti/alla-vittima-pasquale/t]
[risuscito.it/canti/alla-vittima-pasquale/index.html]
[risuscito.it/canti/tu-sei-la-mia-speranza-signore/t]
[cdn.risuscito.it/risuscito-it/media/tu-sei-la-mia-speranza-signore.jpg]
[risuscito.it/canti/tu-sei-la-mia-speranza-signore/index.html]
[risuscito.it/canti/signore-tu-mi-scruti-e-mi-conosci/t]
[cdn.risuscito.it/risuscito-it/media/signore-tu-mi-scruti-e-mi-conosci.jpg]
[risuscito.it/canti/signore-tu-mi-scruti-e-mi-conosci/index.html]
[risuscito.it/canti/signore-il-mio-cuore-non-ha-piu-pretese/t]
[cdn.risuscito.it/risuscito-it/media/signore-il-mio-cuore-non-ha-piu-pretese.jpg]
[risuscito.it/canti/signore-il-mio-cuore-non-ha-piu-pretese/index.html]
[risuscito.it/canti/siedi-solitario-e-silenzioso/t]
[cdn.risuscito.it/risuscito-it/media/siedi-solitario-e-silenzioso.jpg]
[risuscito.it/canti/siedi-solitario-e-silenzioso/index.html]
[risuscito.it/canti/shema-israel/t]
[cdn.risuscito.it/risuscito-it/media/shema-israel.jpg]
[risuscito.it/canti/shema-israel/index.html]
[risuscito.it/canti/quando-dormivo/t]
[cdn.risuscito.it/risuscito-it/media/quando-dormivo.jpg]
[risuscito.it/canti/quando-dormivo/index.html]
[risuscito.it/canti/la-mia-diletta-e-per-me/t]
[cdn.risuscito.it/risuscito-it/media/la-mia-diletta-e-per-me-1.jpg]
[risuscito.it/canti/la-mia-diletta-e-per-me/index.html]
[risuscito.it/canti/te-deum/t]
[cdn.risuscito.it/risuscito-it/media/te-deum.jpg]
[risuscito.it/canti/te-deum/index.html]
[risuscito.it/canti/santo-santo-santo/t]
[cdn.risuscito.it/risuscito-it/media/santo-santo-santo.jpg]
[risuscito.it/canti/santo-santo-santo/index.html]
[risuscito.it/canti/santo-roma-1977/t]
[cdn.risuscito.it/risuscito-it/media/santo-roma-1977.jpg]
[risuscito.it/canti/santo-roma-1977/index.html]
[risuscito.it/canti/santo-e-santo/t]
[cdn.risuscito.it/risuscito-it/media/santo-e-santo.jpg]
[risuscito.it/canti/santo-e-santo/index.html]
[risuscito.it/canti/santo-delle-palme/t]
[cdn.risuscito.it/risuscito-it/media/santo-delle-palme.jpg]
[risuscito.it/canti/santo-delle-palme/index.html]
[risuscito.it/canti/santo-delle-baracche/t]
[cdn.risuscito.it/risuscito-it/media/santo-delle-baracche.jpg]
[risuscito.it/canti/santo-delle-baracche/index.html]
[risuscito.it/canti/santo/t]
[cdn.risuscito.it/risuscito-it/media/santo.jpg]
[risuscito.it/canti/santo/index.html]
[risuscito.it/canti/salmodia-per-il-salmo-responsoriale/t]
[cdn.risuscito.it/risuscito-it/media/salmodia-per-il-salmo-responsoriale.jpg]
[risuscito.it/canti/salmodia-per-il-salmo-responsoriale/index.html]
[risuscito.it/canti/preghiera-eucaristica-iv/t]
[cdn.risuscito.it/risuscito-it/media/preghiera-eucaristica-iv-3.jpg]
[cdn.risuscito.it/risuscito-it/media/preghiera-eucaristica-iv-2.jpg]
[cdn.risuscito.it/risuscito-it/media/preghiera-eucaristica-iv-1.jpg]
[cdn.risuscito.it/risuscito-it/media/preghiera-eucaristica-iv-4.jpg]
[risuscito.it/canti/preghiera-eucaristica-iv/index.html]
[risuscito.it/canti/preghiera-eucaristica-ii-2/t]
[cdn.risuscito.it/risuscito-it/media/preghiera-eucaristica-ii-modello-2-2.jpg]
[cdn.risuscito.it/risuscito-it/media/preghiera-eucaristica-ii-modello-2-1.jpg]
[cdn.risuscito.it/risuscito-it/media/preghiera-eucaristica-ii-modello-2-3.jpg]
[risuscito.it/canti/preghiera-eucaristica-ii-2/index.html]
[risuscito.it/canti/preghiera-eucaristica-ii/t]
[cdn.risuscito.it/risuscito-it/media/preghiera-eucaristica-ii-modello-1-2.jpg]
[cdn.risuscito.it/risuscito-it/media/preghiera-eucaristica-ii-modello-1-3.jpg]
[cdn.risuscito.it/risuscito-it/media/preghiera-eucaristica-ii-modello-1-1.jpg]
[risuscito.it/canti/preghiera-eucaristica-ii/index.html]
[risuscito.it/canti/preconio-pasquale/t]
[cdn.risuscito.it/risuscito-it/media/preconio-pasquale-2.jpg]
[cdn.risuscito.it/risuscito-it/media/preconio-pasquale-1.jpg]
[risuscito.it/canti/preconio-pasquale/index.html]
[risuscito.it/canti/padre-nostro/t]
[cdn.risuscito.it/risuscito-it/media/padre-nostro.jpg]
[risuscito.it/canti/padre-nostro/index.html]
[risuscito.it/canti/melodia-per-la-preghiera-universale/t]
[cdn.risuscito.it/risuscito-it/media/melodia-per-la-preghiera-universale.jpg]
[risuscito.it/canti/melodia-per-la-preghiera-universale/index.html]
[risuscito.it/canti/benedizione-per-la-celebrazione-penitenziale/t]
[risuscito.it/canti/benedizione-per-la-celebrazione-penitenziale/index.html]
[risuscito.it/canti/tu-sei-bella-amica-mia/t]
[risuscito.it/canti/tu-sei-bella-amica-mia/index.html]
[risuscito.it/canti/salga-lo-sposo-sul-legno-del-suo-talamo/t]
[risuscito.it/canti/salga-lo-sposo-sul-legno-del-suo-talamo/index.html]
[risuscito.it/canti/mi-rubasti-il-cuore/t]
[risuscito.it/canti/mi-rubasti-il-cuore/index.html]
[risuscito.it/canti/la-colomba-volo/t]
[risuscito.it/canti/la-colomba-volo/index.html]
[risuscito.it/canti/come-stilla-il-miele/t]
[risuscito.it/canti/come-stilla-il-miele/index.html]
[risuscito.it/canti/non-ti-adirare/t]
[risuscito.it/canti/non-ti-adirare/index.html]
[risuscito.it/canti/non-resistete-al-male/t]
[risuscito.it/canti/non-resistete-al-male/index.html]
[risuscito.it/canti/nessuno-puo-servire-due-padroni/t]
[risuscito.it/canti/nessuno-puo-servire-due-padroni/index.html]
[risuscito.it/canti/lo-stesso-iddio/t]
[risuscito.it/canti/lo-stesso-iddio/index.html]
[risuscito.it/canti/inno-alla-croce-gloriosa/t]
[risuscito.it/canti/inno-alla-croce-gloriosa/index.html]
[risuscito.it/canti/il-seminatore/t]
[risuscito.it/canti/il-seminatore/index.html]
[risuscito.it/canti/giacobbe/t]
[risuscito.it/canti/giacobbe/index.html]
[risuscito.it/canti/ecco-lo-specchio-nostro/t]
[risuscito.it/canti/ecco-lo-specchio-nostro/index.html]
[risuscito.it/canti/debora/t]
[risuscito.it/canti/debora/index.html]
[risuscito.it/canti/come-lo-slancio-dellira/t]
[risuscito.it/canti/come-lo-slancio-dellira/index.html]
[risuscito.it/canti/al-risveglio-mi-saziero-del-tuo-volto-signor/t]
[cdn.risuscito.it/risuscito-it/media/al-risveglio-mi-saziero-del-tuo-volto-signor.jpg]
[risuscito.it/canti/al-risveglio-mi-saziero-del-tuo-volto-signor/index.html]
[risuscito.it/canti/akeda/t]
[cdn.risuscito.it/risuscito-it/media/akeda.jpg]
[risuscito.it/canti/akeda/index.html]
[risuscito.it/canti/agnella-di-dio/t]
[cdn.risuscito.it/risuscito-it/media/agnella-di-dio.jpg]
[risuscito.it/canti/agnella-di-dio/index.html]
[risuscito.it/canti/acclamate-al-signore/t]
[cdn.risuscito.it/risuscito-it/media/acclamate-al-signore.jpg]
[risuscito.it/canti/acclamate-al-signore/index.html]
[risuscito.it/canti/abramo/t]
[cdn.risuscito.it/risuscito-it/media/abramo.jpg]
[risuscito.it/canti/abramo/index.html]
[risuscito.it/canti/abba-padre/t]
[cdn.risuscito.it/risuscito-it/media/abba-padre.jpg]
[risuscito.it/canti/abba-padre/index.html]
[risuscito.it/canti/a-te-signore-si-deve-lode-in-sion/t]
[cdn.risuscito.it/risuscito-it/media/a-te-signore-si-deve-lode-in-sion.jpg]
[risuscito.it/canti/a-te-signore-si-deve-lode-in-sion/index.html]
[risuscito.it/canti/a-te-signore-con-la-mia-voce-grido-aiuto/t]
[cdn.risuscito.it/risuscito-it/media/a-te-signore-con-la-mia-voce-grido-aiuto.jpg]
[risuscito.it/canti/a-te-signore-con-la-mia-voce-grido-aiuto/index.html]
[risuscito.it/canti/a-te-signor-innalzo-la-mia-anima/t]
[cdn.risuscito.it/risuscito-it/media/a-te-signor-innalzo-la-mia-anima.jpg]
[risuscito.it/canti/a-te-signor-innalzo-la-mia-anima/index.html]
[risuscito.it/canti/a-te-levo-i-miei-occhi/t]
[cdn.risuscito.it/risuscito-it/media/a-te-levo-i-miei-occhi-5.jpg]
[cdn.risuscito.it/risuscito-it/media/a-te-levo-i-miei-occhi-4.jpg]
[cdn.risuscito.it/risuscito-it/media/a-te-levo-i-miei-occhi-3.jpg]
[cdn.risuscito.it/risuscito-it/media/a-te-levo-i-miei-occhi-2.jpg]
[risuscito.it/canti/a-te-levo-i-miei-occhi/index.html]
[risuscito.it/canti/benedizione-dell-acqua-del-fonte-battesimale/t]
[risuscito.it/canti/benedizione-dell-acqua-del-fonte-battesimale/index.html]
[risuscito.it/canti/alleluia-pasquale/t]
[risuscito.it/canti/alleluia-pasquale/index.html]
[risuscito.it/canti/credo-apostolico/t]
[risuscito.it/canti/credo-apostolico/index.html]
[risuscito.it/canti/gloria-a-dio-nellalto-dei-cieli/t]
[risuscito.it/canti/gloria-a-dio-nellalto-dei-cieli/index.html]
[risuscito.it/canti/litanie-penitenziali-ii-preghiera-litanica-penitenziale/t]
[risuscito.it/canti/litanie-penitenziali-ii-preghiera-litanica-penitenziale/index.html]
[risuscito.it/canti/litanie-penitenziali-i/t]
[risuscito.it/canti/litanie-penitenziali-i/index.html]
[risuscito.it/canti/agnello-di-dio/t]
[cdn.risuscito.it/risuscito-it/media/agnello-di-dio.jpg]
[risuscito.it/canti/agnello-di-dio/index.html]
[risuscito.it/canti/acclamazione-al-vangelo/t]
[risuscito.it/canti/acclamazione-al-vangelo/index.html]
[risuscito.it/tappe/canti-liturgici/index.html]
[risuscito.it/tappe/catecumenato/index.html]
[risuscito.it/tappe/elezione/index.html]
[risuscito.it/tappe/precatecumenato/index.html]
[risuscito.it/tags/avvento-natale/index.html]
[risuscito.it/tags/bambini/index.html]
[risuscito.it/tags/calice/index.html]
[risuscito.it/tags/finale/index.html]
[risuscito.it/tags/ingresso/index.html]
[risuscito.it/tags/pace/index.html]
[risuscito.it/tags/pane/index.html]
[risuscito.it/tags/pasqua-pentecoste/index.html]
[risuscito.it/tags/quaresima/index.html]
[risuscito.it/tags/vergine-maria/index.html]
[risuscito.it/canti/risuscito/t.html]
[risuscito.it/canti/zaccheo/t.html]
[risuscito.it/canti/voi-siete-la-luce-del-mondo/t.html]
[risuscito.it/canti/voglio-cantare/t.html]
[risuscito.it/canti/voglio-andare-a-gerusalemme/t.html]
[risuscito.it/canti/vieni-figlio-delluomo/t.html]
[risuscito.it/canti/vieni-dal-libano/t.html]
[risuscito.it/canti/viene-il-signore-vestito-di-maesta/t.html]
[risuscito.it/canti/vi-prendero-dalle-genti/t.html]
[risuscito.it/canti/verso-te-o-citta-santa/t.html]
[risuscito.it/canti/vergine-della-meraviglia/t.html]
[risuscito.it/canti/venite-a-me-voi-tutti/t.html]
[risuscito.it/canti/vedo-i-cieli-aperti/t.html]
[risuscito.it/canti/uri-uri-uri/t.html]
[risuscito.it/canti/una-donna-vestita-di-sole/t.html]
[risuscito.it/canti/un-germoglio-spunta-dal-tronco-di-jesse/t.html]
[risuscito.it/canti/tu-sei-il-piu-bello/t.html]
[risuscito.it/canti/tu-hai-ricoperto-di-vergogna-la-morte/t.html]
[risuscito.it/canti/tu-che-sei-fedele/t.html]
[risuscito.it/canti/ti-vedranno-i-re/t.html]
[risuscito.it/canti/ti-sto-chiamando/t.html]
[risuscito.it/canti/ti-ho-manifestato-il-mio-peccato/t.html]
[risuscito.it/canti/stabat-mater-dolorosa/t.html]
[risuscito.it/canti/sorga-dio/t.html]
[risuscito.it/canti/sola-a-solo/t.html]
[risuscito.it/canti/signore-non-punirmi-nel-tuo-sdegno/t.html]
[risuscito.it/canti/signore-aiutami-signore/t.html]
[risuscito.it/canti/shlom-lech-mariam/t.html]
[risuscito.it/canti/sequenza-di-pentecoste-vieni-spirito-santo/t.html]
[risuscito.it/canti/sequenza-corpus-domini/t.html]
[risuscito.it/canti/se-siete-risorti-con-cristo/t.html]
[risuscito.it/canti/se-oggi-ascoltate-la-sua-voce/t.html]
[risuscito.it/canti/se-nel-signore-mi-sono-rifugiato/t.html]
[risuscito.it/canti/se-il-signore-non-costruisce-la-casa/t.html]
[risuscito.it/canti/salve-regina-dei-cieli/t.html]
[risuscito.it/canti/sale-dio-tra-acclamazioni/t.html]
[risuscito.it/canti/rivestitevi-dellarmatura-di-dio/t.html]
[risuscito.it/canti/resurrexit/t.html]
[risuscito.it/canti/questo-e-il-mio-comandamento/t.html]
[risuscito.it/canti/quanto-sono-amabili-le-tue-dimore/t.html]
[risuscito.it/canti/quando-israele-usci-dallegitto/t.html]
[risuscito.it/canti/quando-il-signore/t.html]
[risuscito.it/canti/prendero-innalzero-la-coppa-di-salvezza/t.html]
[risuscito.it/canti/portami-in-cielo/t.html]
[risuscito.it/canti/pieta-di-me-o-dio/t.html]
[risuscito.it/canti/perche-le-genti-congiurano/t.html]
[risuscito.it/canti/per-amore-dei-miei-fratelli/t.html]
[risuscito.it/canti/pentecoste/t.html]
[risuscito.it/canti/o-signore-nostro-dio/t.html]
[risuscito.it/canti/o-morte-dove-la-tua-vittoria/t.html]
[risuscito.it/canti/o-gesu-amore-mio/t.html]
[risuscito.it/canti/o-dio-tu-sei-il-mio-dio/t.html]
[risuscito.it/canti/o-dio-per-il-tuo-nome-salvami/t.html]
[risuscito.it/canti/o-cieli-piovete-dallalto/t.html]
[risuscito.it/canti/non-moriro/t.html]
[risuscito.it/canti/non-e-qui-e-risorto/t.html]
[risuscito.it/canti/non-ce-in-lui-bellezza/t.html]
[risuscito.it/canti/noli-me-tangere/t.html]
[risuscito.it/canti/molto-mi-hanno-perseguitato/t.html]
[risuscito.it/canti/misericordia-dio-misericordia/t.html]
[risuscito.it/canti/mi-indicherai-il-sentiero-della-vita/t.html]
[risuscito.it/canti/mi-hai-sedotto-signore/t.html]
[risuscito.it/canti/maria-piccola-maria/t.html]
[risuscito.it/canti/maria-madre-della-chiesa/t.html]
[risuscito.it/canti/maria-madre-del-cammino-ardente/t.html]
[risuscito.it/canti/maria-di-jasna-gora/t.html]
[risuscito.it/canti/maria-casa-di-benedizione/t.html]
[risuscito.it/canti/magnificat/t.html]
[risuscito.it/canti/lodate-il-signore-tutti-i-popoli-della-terra/t.html]
[risuscito.it/canti/lodate-il-signore-dai-cieli/t.html]
[risuscito.it/canti/lodate-iddio/t.html]
[risuscito.it/canti/lo-stolto-pensa-che-non-ce-dio/t.html]
[risuscito.it/canti/lo-spirito-del-signore-e-sopra-di-me/t.html]
[risuscito.it/canti/le-sue-fondamenta/t.html]
[risuscito.it/canti/le-onde-della-morte-mi-avvolgevano/t.html]
[risuscito.it/canti/la-voce-del-mio-amato/t.html]
[risuscito.it/canti/la-mietitura-delle-nazioni/t.html]
[risuscito.it/canti/la-marcia-e-dura/t.html]
[risuscito.it/canti/la-espada/t.html]
[risuscito.it/canti/jahve-tu-sei-il-mio-dio/t.html]
[risuscito.it/canti/io-vengo-a-riunir/t.html]
[risuscito.it/canti/inno-di-pasqua/t.html]
[risuscito.it/canti/inno-di-avvento/t.html]
[risuscito.it/canti/inno-alla-kenosis-cristo-gesu-e-il-signore/t.html]
[risuscito.it/canti/inno-alla-carita/t.html]
[risuscito.it/canti/inno-a-cristo-luce/t.html]
[risuscito.it/canti/in-una-notte-oscura/t.html]
[risuscito.it/canti/in-mezzo-a-una-grande-folla/t.html]
[risuscito.it/canti/il-signore-mi-ha-dato/t.html]
[risuscito.it/canti/il-signore-e-mia-luce-e-mia-salvezza/t.html]
[risuscito.it/canti/il-signore-e-il-mio-pastore/t.html]
[risuscito.it/canti/il-signore-annuncia-una-notizia/t.html]
[risuscito.it/canti/il-popolo-che-camminava-nelle-tenebre/t.html]
[risuscito.it/canti/il-pigiatore/t.html]
[risuscito.it/canti/il-messia-leone-per-vincere/t.html]
[risuscito.it/canti/ho-steso-le-mie-mani/t.html]
[risuscito.it/canti/ho-sperato-ho-sperato-nel-signore/t.html]
[risuscito.it/canti/gustate-e-vedete/t.html]
[risuscito.it/canti/guardate-come-e-bello-gustate-quanto-e-soave/t.html]
[risuscito.it/canti/guardate-come-e-bello/t.html]
[risuscito.it/canti/gridate-con-gioia/t.html]
[risuscito.it/canti/grazie-a-jahve/t.html]
[risuscito.it/canti/giunti-sui-fiumi-di-babilonia/t.html]
[risuscito.it/canti/giunga-la-mia-preghiera-fino-a-te/t.html]
[risuscito.it/canti/giorno-di-riposo/t.html]
[risuscito.it/canti/gia-viene-il-regno/t.html]
[risuscito.it/canti/gia-viene-il-mio-dio/t.html]
[risuscito.it/canti/gesu-percorreva-tutte-le-citta/t.html]
[risuscito.it/canti/gerusalemme-ricostruita/t.html]
[risuscito.it/canti/fuggi-mio-diletto/t.html]
[risuscito.it/canti/fratelli-non-diamo-a-nessuno-motivo-dinciampo/t.html]
[risuscito.it/canti/fino-a-quando/t.html]
[risuscito.it/canti/figlie-di-gerusalemme/t.html]
[risuscito.it/canti/felicita-per-luomo/t.html]
[risuscito.it/canti/felice-luomo/t.html]
[risuscito.it/canti/evenu-shalom-alejem/t.html]
[risuscito.it/canti/esultate-giusti-nel-signore/t.html]
[risuscito.it/canti/eli-eli-lama-sabactani/t.html]
[risuscito.it/canti/ecco-qui-io-vengo-presto/t.html]
[risuscito.it/canti/ecco-qui-il-mio-servo/t.html]
[risuscito.it/canti/e-paziente/t.html]
[risuscito.it/canti/dite-agli-smarriti-di-cuore/t.html]
[risuscito.it/canti/dice-il-signore-al-mio-signore/t.html]
[risuscito.it/canti/degno-sei/t.html]
[risuscito.it/canti/davanti-agli-angeli/t.html]
[risuscito.it/canti/dal-profondo-a-te-grido/t.html]
[risuscito.it/canti/dajenu/t.html]
[risuscito.it/canti/cosi-parla-lamen/t.html]
[risuscito.it/canti/consolate-il-mio-popolo/t.html]
[risuscito.it/canti/come-pecora-che-vede/t.html]
[risuscito.it/canti/come-la-cerva-anela/t.html]
[risuscito.it/canti/come-e-bello-come-da-gioia/t.html]
[risuscito.it/canti/come-condannati-a-morte/t.html]
[risuscito.it/canti/chi-e-colei/t.html]
[risuscito.it/canti/chi-ci-separera/t.html]
[risuscito.it/canti/che-mi-baci/t.html]
[risuscito.it/canti/che-belle-sono-le-tue-tende/t.html]
[risuscito.it/canti/carmen-63/t.html]
[risuscito.it/canti/caritas-christi/t.html]
[risuscito.it/canti/canto-di-giosue/t.html]
[risuscito.it/canti/canto-dei-liberati/t.html]
[risuscito.it/canti/canto-dei-bambini-nella-veglia-di-pasqua/t.html]
[risuscito.it/canti/cantico-di-mose-precipito-nel-mare/t.html]
[risuscito.it/canti/cantico-dei-tre-giovani-nella-fornace-ii-parte/t.html]
[risuscito.it/canti/cantico-dei-tre-giovani-nella-fornace-i-parte/t.html]
[risuscito.it/canti/cerano-due-angeli/t.html]
[risuscito.it/canti/ce-un-tempo-per-ogni-cosa/t.html]
[risuscito.it/canti/benedite-il-signore/t.html]
[risuscito.it/canti/benediro-il-signore-in-ogni-tempo/t.html]
[risuscito.it/canti/benedictus/t.html]
[risuscito.it/canti/benedici-anima-mia-jahve/t.html]
[risuscito.it/canti/benedetto-sia-iddio/t.html]
[risuscito.it/canti/benedetta-sei-tu-maria/t.html]
[risuscito.it/canti/ave-maria-ii/t.html]
[risuscito.it/canti/ave-maria-i/t.html]
[risuscito.it/canti/andiamo-gia-pastori/t.html]
[risuscito.it/canti/andate-ed-annunziate-ai-miei-fratelli/t.html]
[risuscito.it/canti/amo-il-signore/t.html]
[risuscito.it/canti/amen-amen-amen/t.html]
[risuscito.it/canti/alzo-gli-occhi-verso-i-monti/t.html]
[risuscito.it/canti/alzate-o-porte/t.html]
[risuscito.it/canti/allegria-allegria-oggi-e-nato-il-salvatore/t.html]
[risuscito.it/canti/alla-vittima-pasquale/t.html]
[risuscito.it/canti/tu-sei-la-mia-speranza-signore/t.html]
[risuscito.it/canti/signore-tu-mi-scruti-e-mi-conosci/t.html]
[risuscito.it/canti/signore-il-mio-cuore-non-ha-piu-pretese/t.html]
[risuscito.it/canti/siedi-solitario-e-silenzioso/t.html]
[risuscito.it/canti/shema-israel/t.html]
[risuscito.it/canti/quando-dormivo/t.html]
[risuscito.it/canti/la-mia-diletta-e-per-me/t.html]
[risuscito.it/canti/te-deum/t.html]
[risuscito.it/canti/santo-santo-santo/t.html]
[risuscito.it/canti/santo-roma-1977/t.html]
[risuscito.it/canti/santo-e-santo/t.html]
[risuscito.it/canti/santo-delle-palme/t.html]
[risuscito.it/canti/santo-delle-baracche/t.html]
[risuscito.it/canti/santo/t.html]
[risuscito.it/canti/salmodia-per-il-salmo-responsoriale/t.html]
[risuscito.it/canti/preghiera-eucaristica-iv/t.html]
[risuscito.it/canti/preghiera-eucaristica-ii-2/t.html]
[risuscito.it/canti/preghiera-eucaristica-ii/t.html]
[risuscito.it/canti/preconio-pasquale/t.html]
[risuscito.it/canti/padre-nostro/t.html]
[risuscito.it/canti/melodia-per-la-preghiera-universale/t.html]
[risuscito.it/canti/benedizione-per-la-celebrazione-penitenziale/t.html]
[risuscito.it/canti/tu-sei-bella-amica-mia/t.html]
[risuscito.it/canti/salga-lo-sposo-sul-legno-del-suo-talamo/t.html]
[risuscito.it/canti/mi-rubasti-il-cuore/t.html]
[risuscito.it/canti/la-colomba-volo/t.html]
[risuscito.it/canti/come-stilla-il-miele/t.html]
[risuscito.it/canti/non-ti-adirare/t.html]
[risuscito.it/canti/non-resistete-al-male/t.html]
[risuscito.it/canti/nessuno-puo-servire-due-padroni/t.html]
[risuscito.it/canti/lo-stesso-iddio/t.html]
[risuscito.it/canti/inno-alla-croce-gloriosa/t.html]
[risuscito.it/canti/il-seminatore/t.html]
[risuscito.it/canti/giacobbe/t.html]
[risuscito.it/canti/ecco-lo-specchio-nostro/t.html]
[risuscito.it/canti/debora/t.html]
[risuscito.it/canti/come-lo-slancio-dellira/t.html]
[risuscito.it/canti/al-risveglio-mi-saziero-del-tuo-volto-signor/t.html]
[risuscito.it/canti/akeda/t.html]
[risuscito.it/canti/agnella-di-dio/t.html]
[risuscito.it/canti/acclamate-al-signore/t.html]
[risuscito.it/canti/abramo/t.html]
[risuscito.it/canti/abba-padre/t.html]
[risuscito.it/canti/a-te-signore-si-deve-lode-in-sion/t.html]
[risuscito.it/canti/a-te-signore-con-la-mia-voce-grido-aiuto/t.html]
[risuscito.it/canti/a-te-signor-innalzo-la-mia-anima/t.html]
[risuscito.it/canti/a-te-levo-i-miei-occhi/t.html]
[risuscito.it/canti/benedizione-dell-acqua-del-fonte-battesimale/t.html]
[risuscito.it/canti/alleluia-pasquale/t.html]
[risuscito.it/canti/credo-apostolico/t.html]
[risuscito.it/canti/gloria-a-dio-nellalto-dei-cieli/t.html]
[risuscito.it/canti/litanie-penitenziali-ii-preghiera-litanica-penitenziale/t.html]
[risuscito.it/canti/litanie-penitenziali-i/t.html]
[risuscito.it/canti/agnello-di-dio/t.html]
[risuscito.it/canti/acclamazione-al-vangelo/t.html]
